
> ankkor@0.1.0 build
> next build

  ▲ Next.js 14.2.32
  - Environments: .env.local, .env
  - Experiments (use with caution):
    · optimizeCss
    · instrumentationHook

